// Jest Snapshot v1, https://goo.gl/fbAQLP

exports[`ColorPalette Component renders correctly 1`] = `
<DocumentFragment>
  <div
    class="color-palette"
  >
    <div
      class="color-palette-circle "
      data-testid="color-palette-circle"
      style="background-color: rgb(99, 99, 99);"
    />
    <div
      class="color-palette-circle "
      data-testid="color-palette-circle"
      style="background-color: rgb(51, 255, 87);"
    />
    <div
      class="color-palette-circle "
      data-testid="color-palette-circle"
      style="background-color: rgb(51, 87, 255);"
    />
    <div
      class="color-palette-circle selected"
      data-testid="color-palette-circle"
      style="background-color: rgb(255, 255, 51);"
    />
    <div
      class="color-palette-circle "
      data-testid="color-palette-circle"
      style="background-color: rgb(255, 51, 255);"
    />
    <div
      class="color-palette-circle "
      data-testid="color-palette-circle"
      style="background-color: rgb(51, 255, 255);"
    />
    <div
      class="color-palette-circle "
      data-testid="color-palette-circle"
      style="background-color: rgb(255, 87, 51);"
    />
    <div
      class="color-palette-circle "
      data-testid="color-palette-circle"
      style="background-color: rgb(199, 0, 57);"
    />
    <div
      class="color-palette-circle "
      data-testid="color-palette-circle"
      style="background-color: rgb(144, 12, 63);"
    />
    <div
      class="color-palette-circle "
      data-testid="color-palette-circle"
      style="background-color: rgb(88, 24, 69);"
    />
    <div
      class="color-palette-circle "
      data-testid="color-palette-circle"
      style="background-color: rgb(255, 195, 0);"
    />
    <div
      class="color-palette-circle "
      data-testid="color-palette-circle"
      style="background-color: rgb(218, 247, 166);"
    />
    <div
      class="color-palette-circle "
      data-testid="color-palette-circle"
      style="background-color: rgb(255, 192, 203);"
    />
    <div
      class="color-palette-circle "
      data-testid="color-palette-circle"
      style="background-color: rgb(128, 0, 128);"
    />
    <div
      class="color-palette-circle "
      data-testid="color-palette-circle"
      style="background-color: rgb(0, 128, 128);"
    />
    <div
      class="color-palette-circle "
      data-testid="color-palette-circle"
      style="background-color: rgb(128, 128, 0);"
    />
    <div
      class="color-palette-circle "
      data-testid="color-palette-circle"
      style="background-color: rgb(0, 0, 128);"
    />
    <div
      class="color-palette-circle "
      data-testid="color-palette-circle"
      style="background-color: rgb(220, 20, 60);"
    />
  </div>
</DocumentFragment>
`;
